// Jest Snapshot v1, https://goo.gl/fbAQLP

exports[`test for landing page should test for landing page component 1`] = `
<div>
  <div
    className="logo"
  >
    STORELY
  </div>
  <div
    className="maintext"
  >
    <span>
       
      STORE MANAGEMENT WITH EASE AND CONVINIENCE.
      <p>
        <Button
          as="button"
          color="google plus"
        >
          <Icon
            as="i"
            name="google plus"
          />
           
          Sign in with Gmail
        </Button>
        <Divider
          horizontal={true}
        >
          <Link
            replace={false}
            to="/login"
          >
            Or Log In
          </Link>
        </Divider>
      </p>
    </span>
    <div
      className="hero"
    >
      <img
        src="https://res.cloudinary.com/ah-krypton/image/upload/c_scale,w_800/v1552771277/shop.png"
      />
    </div>
  </div>
</div>
`;
